{
  "trend": "bearish",
  "setup": "Trend Reverter",
  "action": "ENTER",
  "direction": "SELL"
}