{
  "trend": "bearish",
  "setup": "VWAP Bouncer",
  "action": "ENTER",
  "direction": "SELL"
}