{
  "trend": "bullish",
  "setup": "VWAP Bouncer",
  "action": "ENTER",
  "direction": "BUY"
}