{
  "trend": "bullish",
  "setup": "Trend Reverter",
  "action": "ENTER",
  "direction": "BUY"
}