{
  "trend": "neutral",
  "setup": "Small Account Range Rider",
  "action": "WAIT"
}